// Jest Snapshot v1, https://goo.gl/fbAQLP

exports[`App component renders App 1`] = `
<section
  className="App"
>
  <NewHome />
  <Projects />
  <Tech />
  <Links />
</section>
`;
