// Jest Snapshot v1, https://goo.gl/fbAQLP

exports[`LinkList component matches a snapshot 1`] = `
<ul>
  <li
    key="0"
  >
    <Link />
  </li>
  <li
    key="1"
  >
    <Link />
  </li>
</ul>
`;
